automerge: false
parallel_apply: true
parallel_plan: true
projects:
- apply_requirements:
  - approved
  autoplan:
    enabled: false
    when_modified:
    - '*.hcl'
    - '*.tf*'
  dir: child_that_does_not_override
- apply_requirements:
  - mergeable
  autoplan:
    enabled: false
    when_modified:
    - '*.hcl'
    - '*.tf*'
  dir: child_that_overrides
version: 3
