automerge: false
parallel_apply: true
parallel_plan: true
projects:
- autoplan:
    enabled: false
    when_modified:
    - '*.hcl'
    - '*.tf*'
    - '*.yaml'
    - '*.yml'
  dir: .
version: 3
