automerge: false
parallel_apply: true
parallel_plan: true
projects:
- autoplan:
    enabled: false
    when_modified:
    - '*.hcl'
    - '*.tf*'
  dir: autoplan_false
- autoplan:
    enabled: true
    when_modified:
    - '*.hcl'
    - '*.tf*'
  dir: autoplan_true
- autoplan:
    enabled: true
    when_modified:
    - '*.hcl'
    - '*.tf*'
  dir: set_in_parent
version: 3
