automerge: false
parallel_apply: true
parallel_plan: true
projects:
- apply_requirements: []
  autoplan:
    enabled: false
    when_modified:
    - '*.hcl'
    - '*.tf*'
  dir: defaultWorkflow
- apply_requirements: []
  autoplan:
    enabled: false
    when_modified:
    - '*.hcl'
    - '*.tf*'
  dir: workflowA
  workflow: workflowA
- apply_requirements: []
  autoplan:
    enabled: false
    when_modified:
    - '*.hcl'
    - '*.tf*'
  dir: workflowB
  workflow: workflowB
version: 3
