automerge: false
parallel_apply: true
parallel_plan: true
projects:
- autoplan:
    enabled: false
    when_modified:
    - '*.hcl'
    - '*.tf*'
    - '*.hcl.json'
    - some_extra_dep
    - ../test_file.json
  dir: child
version: 3
