automerge: false
parallel_apply: true
parallel_plan: true
projects:
- apply_requirements: []
  autoplan:
    enabled: false
    when_modified:
    - '*.hcl'
    - '*.tf*'
    - ../../../account.hcl
    - ../../region.hcl
    - ../env.hcl
  dir: non-prod/us-east-1/qa/mysql
- apply_requirements: []
  autoplan:
    enabled: false
    when_modified:
    - '*.hcl'
    - '*.tf*'
    - ../../../account.hcl
    - ../../region.hcl
    - ../env.hcl
  dir: non-prod/us-east-1/qa/webserver-cluster
- apply_requirements: []
  autoplan:
    enabled: false
    when_modified:
    - '*.hcl'
    - '*.tf*'
    - ../../../account.hcl
    - ../../region.hcl
    - ../env.hcl
  dir: non-prod/us-east-1/stage/mysql
- apply_requirements: []
  autoplan:
    enabled: false
    when_modified:
    - '*.hcl'
    - '*.tf*'
    - ../../../account.hcl
    - ../../region.hcl
    - ../env.hcl
  dir: non-prod/us-east-1/stage/webserver-cluster
- apply_requirements: []
  autoplan:
    enabled: false
    when_modified:
    - '*.hcl'
    - '*.tf*'
    - ../../../account.hcl
    - ../../region.hcl
    - ../env.hcl
  dir: prod/us-east-1/prod/mysql
- apply_requirements: []
  autoplan:
    enabled: false
    when_modified:
    - '*.hcl'
    - '*.tf*'
    - ../../../account.hcl
    - ../../region.hcl
    - ../env.hcl
  dir: prod/us-east-1/prod/webserver-cluster
version: 3
