automerge: false
parallel_apply: true
parallel_plan: true
projects:
- autoplan:
    enabled: false
    when_modified:
    - '*.hcl'
    - '*.tf*'
    - ../terraform-module/*.tf*
    - ../terraform-module/nested-module/*.tf*
    - ../terraform-another-module/*.tf*
  dir: terraform
version: 3
