automerge: false
parallel_apply: true
parallel_plan: true
projects:
- autoplan:
    enabled: false
    when_modified:
    - '*.hcl'
    - '*.tf*'
    - some_parent_dep
    - some_child_dep
  dir: child
version: 3
