automerge: false
parallel_apply: false
parallel_plan: false
version: 3
