automerge: false
parallel_apply: true
parallel_plan: true
projects:
- apply_requirements: []
  autoplan:
    enabled: false
    when_modified:
    - '*.hcl'
    - '*.tf*'
  dir: skip_false
version: 3
