automerge: false
parallel_apply: true
parallel_plan: true
projects:
- autoplan:
    enabled: false
    when_modified:
    - '*.hcl'
    - '*.tf*'
    - '*.hcl.json'
  dir: dependency
- autoplan:
    enabled: false
    when_modified:
    - '*.hcl'
    - '*.tf*'
    - '*.hcl.json'
    - ../dependency/terragrunt.hcl
  dir: depender
version: 3
