automerge: false
parallel_apply: true
parallel_plan: true
projects:
- apply_requirements: []
  autoplan:
    enabled: true
    when_modified:
    - '*.hcl'
    - '*.tf*'
  dir: .
version: 3
